// Jest Snapshot v1, https://goo.gl/fbAQLP

exports[`<Heading /> Should render with default values 1`] = `
.c0 {
  color: #0a1128;
  font-size: 6.4rem;
  text-transform: none;
}

<h1
  class="c0"
  islight="true"
  uppercase="false"
>
   texto 
</h1>
`;
