// Jest Snapshot v1, https://goo.gl/fbAQLP

exports[`< TextComponent /> Should render a text 1`] = `
.c0 {
  font-size: 2.4rem;
}

<p
  class="c0"
>
  Hello World
</p>
`;
