// Jest Snapshot v1, https://goo.gl/fbAQLP

exports[`<Dummy /> Should render with default values 1`] = `
<div
  class=""
>
  <h1>
    texto
  </h1>
</div>
`;
