// Jest Snapshot v1, https://goo.gl/fbAQLP

exports[`<MenuLink /> Should render snapshot 1`] = `
.c0 {
  font-size: 1.6rem;
  display: block;
  text-decoration: none;
  padding: 2.4rem;
  color: #0a1128;
  position: relative;
}

.c0::after {
  content: '';
  position: absolute;
  bottom: 0.76rem;
  left: 50%;
  width: 0;
  height: 0.2rem;
  background: #dc143c;
  transition: all 300ms ease-in-out;
}

.c0:hover::after {
  left: 25%;
  width: 50%;
}

<a
  class="c0"
  href="https://www.google.com.br"
  target="_self"
>
  texto
</a>
`;
